// Jest Snapshot v1, https://goo.gl/fbAQLP

exports[`redux-form Input should match snapshot 1`] = `
<div
  className="form-group text-left"
>
  <div
    className="input-group"
  >
    <input
      anyTouched={false}
      array={
        Object {
          "insert": [Function],
          "move": [Function],
          "pop": [Function],
          "push": [Function],
          "remove": [Function],
          "removeAll": [Function],
          "shift": [Function],
          "splice": [Function],
          "swap": [Function],
          "unshift": [Function],
        }
      }
      asyncValidate={[Function]}
      autofill={[Function]}
      blur={[Function]}
      change={[Function]}
      className="form-control"
      clearAsyncError={[Function]}
      clearFields={[Function]}
      clearSubmit={[Function]}
      clearSubmitErrors={[Function]}
      destroy={[Function]}
      error={undefined}
      handleSubmit={[Function]}
      id={null}
      initialValues={undefined}
      initialize={[Function]}
      initialized={false}
      invalid={false}
      name="test-field"
      onBlur={[Function]}
      onChange={[Function]}
      onDragStart={[Function]}
      onDrop={[Function]}
      onFocus={[Function]}
      pure={true}
      reset={[Function]}
      resetSection={[Function]}
      submit={[Function]}
      submitSucceeded={false}
      touch={[Function]}
      triggerSubmit={undefined}
      type="text"
      untouch={[Function]}
      valid={true}
      value=""
      warning={undefined}
    />
  </div>
</div>
`;
